Archive member included because of file (symbol)

C:\marmalade\7.7.0\s3e\edk\lib\android/libedk.a(edk_helpers.o)
                              debug\s3eAndroidFullscreen_platform.os (s3eEdkThreadRunOnOS)
C:\marmalade\7.7.0\s3e\edk\lib\android/libedk.a(IwDebug.o)
                              debug\s3eAndroidFullscreen_platform.os (IwDebugTraceIsChannelOn)
c:/android/android-ndk-r9d/toolchains/arm-linux-androideabi-4.8/prebuilt/windows/bin/../lib/gcc/arm-linux-androideabi/4.8/libgcc.a(_aeabi_ldivmod.o)
                              C:\marmalade\7.7.0\s3e\edk\lib\android/libedk.a(IwDebug.o) (__aeabi_ldivmod)
c:/android/android-ndk-r9d/toolchains/arm-linux-androideabi-4.8/prebuilt/windows/bin/../lib/gcc/arm-linux-androideabi/4.8/libgcc.a(_dvmd_lnx.o)
                              c:/android/android-ndk-r9d/toolchains/arm-linux-androideabi-4.8/prebuilt/windows/bin/../lib/gcc/arm-linux-androideabi/4.8/libgcc.a(_aeabi_ldivmod.o) (__aeabi_ldiv0)
c:/android/android-ndk-r9d/toolchains/arm-linux-androideabi-4.8/prebuilt/windows/bin/../lib/gcc/arm-linux-androideabi/4.8/libgcc.a(bpabi.o)
                              c:/android/android-ndk-r9d/toolchains/arm-linux-androideabi-4.8/prebuilt/windows/bin/../lib/gcc/arm-linux-androideabi/4.8/libgcc.a(_aeabi_ldivmod.o) (__gnu_ldivmod_helper)
c:/android/android-ndk-r9d/toolchains/arm-linux-androideabi-4.8/prebuilt/windows/bin/../lib/gcc/arm-linux-androideabi/4.8/libgcc.a(unwind-arm.o)
                              c:/android/android-ndk-r9d/toolchains/arm-linux-androideabi-4.8/prebuilt/windows/bin/../lib/gcc/arm-linux-androideabi/4.8/libgcc.a(bpabi.o) (__aeabi_unwind_cpp_pr0)
c:/android/android-ndk-r9d/toolchains/arm-linux-androideabi-4.8/prebuilt/windows/bin/../lib/gcc/arm-linux-androideabi/4.8/libgcc.a(libunwind.o)
                              c:/android/android-ndk-r9d/toolchains/arm-linux-androideabi-4.8/prebuilt/windows/bin/../lib/gcc/arm-linux-androideabi/4.8/libgcc.a(unwind-arm.o) (restore_core_regs)
c:/android/android-ndk-r9d/toolchains/arm-linux-androideabi-4.8/prebuilt/windows/bin/../lib/gcc/arm-linux-androideabi/4.8/libgcc.a(pr-support.o)
                              c:/android/android-ndk-r9d/toolchains/arm-linux-androideabi-4.8/prebuilt/windows/bin/../lib/gcc/arm-linux-androideabi/4.8/libgcc.a(unwind-arm.o) (__gnu_unwind_execute)
c:/android/android-ndk-r9d/toolchains/arm-linux-androideabi-4.8/prebuilt/windows/bin/../lib/gcc/arm-linux-androideabi/4.8/libgcc.a(_divdi3.o)
                              c:/android/android-ndk-r9d/toolchains/arm-linux-androideabi-4.8/prebuilt/windows/bin/../lib/gcc/arm-linux-androideabi/4.8/libgcc.a(bpabi.o) (__divdi3)
c:/android/android-ndk-r9d/toolchains/arm-linux-androideabi-4.8/prebuilt/windows/bin/../lib/gcc/arm-linux-androideabi/4.8/libgcc.a(_udivdi3.o)
                              c:/android/android-ndk-r9d/toolchains/arm-linux-androideabi-4.8/prebuilt/windows/bin/../lib/gcc/arm-linux-androideabi/4.8/libgcc.a(bpabi.o) (__udivdi3)
c:/android/android-ndk-r9d/toolchains/arm-linux-androideabi-4.8/prebuilt/windows/bin/../lib/gcc/arm-linux-androideabi/4.8/libgcc.a(_udivsi3.o)
                              c:/android/android-ndk-r9d/toolchains/arm-linux-androideabi-4.8/prebuilt/windows/bin/../lib/gcc/arm-linux-androideabi/4.8/libgcc.a(_divdi3.o) (__aeabi_uidiv)

Discarded input sections

 .text          0x00000000       0x14 C:/Android/android-ndk-r9d/platforms/android-14/arch-arm/usr/lib/crtbegin_so.o
 .bss           0x00000000        0x0 C:/Android/android-ndk-r9d/platforms/android-14/arch-arm/usr/lib/crtbegin_so.o
 .note.GNU-stack
                0x00000000        0x0 C:/Android/android-ndk-r9d/platforms/android-14/arch-arm/usr/lib/crtbegin_so.o
 .group         0x00000000        0x8 debug\s3eAndroidFullscreen_platform.os
 .group         0x00000000        0x8 debug\s3eAndroidFullscreen_platform.os
 .group         0x00000000        0x8 debug\s3eAndroidFullscreen_platform.os
 .group         0x00000000        0x8 debug\s3eAndroidFullscreen_platform.os
 .group         0x00000000        0x8 debug\s3eAndroidFullscreen_platform.os
 .group         0x00000000        0x8 debug\s3eAndroidFullscreen_platform.os
 .group         0x00000000        0x8 debug\s3eAndroidFullscreen_platform.os
 .group         0x00000000        0x8 debug\s3eAndroidFullscreen_platform.os
 .group         0x00000000        0x8 debug\s3eAndroidFullscreen_platform.os
 .group         0x00000000        0x8 debug\s3eAndroidFullscreen_platform.os
 .group         0x00000000        0x8 debug\s3eAndroidFullscreen_platform.os
 .group         0x00000000        0x8 debug\s3eAndroidFullscreen_platform.os
 .text          0x00000000        0x0 debug\s3eAndroidFullscreen_platform.os
 .data          0x00000000        0x0 debug\s3eAndroidFullscreen_platform.os
 .note.GNU-stack
                0x00000000        0x0 debug\s3eAndroidFullscreen_platform.os
 .text          0x00000000        0x0 debug\s3eAndroidFullscreen.os
 .data          0x00000000        0x0 debug\s3eAndroidFullscreen.os
 .bss           0x00000000        0x0 debug\s3eAndroidFullscreen.os
 .note.GNU-stack
                0x00000000        0x0 debug\s3eAndroidFullscreen.os
 .text          0x00000000        0x0 debug\s3eAndroidFullscreen_register.os
 .data          0x00000000        0x0 debug\s3eAndroidFullscreen_register.os
 .bss           0x00000000        0x0 debug\s3eAndroidFullscreen_register.os
 .note.GNU-stack
                0x00000000        0x0 debug\s3eAndroidFullscreen_register.os
 .text          0x00000000        0x0 C:\marmalade\7.7.0\s3e\edk\lib\android/libedk.a(edk_helpers.o)
 .data          0x00000000        0x0 C:\marmalade\7.7.0\s3e\edk\lib\android/libedk.a(edk_helpers.o)
 .bss           0x00000000        0x0 C:\marmalade\7.7.0\s3e\edk\lib\android/libedk.a(edk_helpers.o)
 .text.s3eEdkErrorSetString
                0x00000000       0x30 C:\marmalade\7.7.0\s3e\edk\lib\android/libedk.a(edk_helpers.o)
 .text.s3eEdkThreadRunOnOSAsync
                0x00000000       0x30 C:\marmalade\7.7.0\s3e\edk\lib\android/libedk.a(edk_helpers.o)
 .note.GNU-stack
                0x00000000        0x0 C:\marmalade\7.7.0\s3e\edk\lib\android/libedk.a(edk_helpers.o)
 .text          0x00000000        0x0 C:\marmalade\7.7.0\s3e\edk\lib\android/libedk.a(IwDebug.o)
 .data          0x00000000        0x0 C:\marmalade\7.7.0\s3e\edk\lib\android/libedk.a(IwDebug.o)
 .text.IwDebugClearConfigCache
                0x00000000       0x80 C:\marmalade\7.7.0\s3e\edk\lib\android/libedk.a(IwDebug.o)
 .text.IwDebugAssertIsChannelOn
                0x00000000      0x1ec C:\marmalade\7.7.0\s3e\edk\lib\android/libedk.a(IwDebug.o)
 .text.IwDebugAssertShow
                0x00000000      0x2e8 C:\marmalade\7.7.0\s3e\edk\lib\android/libedk.a(IwDebug.o)
 .text.IwDebugAssertSetSolution
                0x00000000       0xb4 C:\marmalade\7.7.0\s3e\edk\lib\android/libedk.a(IwDebug.o)
 .text.IwDebugAssertSetMessage
                0x00000000       0xfc C:\marmalade\7.7.0\s3e\edk\lib\android/libedk.a(IwDebug.o)
 .text.IwAssertRegisterTextCallback
                0x00000000       0x1c C:\marmalade\7.7.0\s3e\edk\lib\android/libedk.a(IwDebug.o)
 .text.IwAssertRegisterCallback
                0x00000000       0x1c C:\marmalade\7.7.0\s3e\edk\lib\android/libedk.a(IwDebug.o)
 .text.IwDebugTraceDisable
                0x00000000       0x10 C:\marmalade\7.7.0\s3e\edk\lib\android/libedk.a(IwDebug.o)
 .text.IwDebugTraceChannelSwitch
                0x00000000      0x1e4 C:\marmalade\7.7.0\s3e\edk\lib\android/libedk.a(IwDebug.o)
 .text.IwDebugErrorRegisterCallback
                0x00000000       0x1c C:\marmalade\7.7.0\s3e\edk\lib\android/libedk.a(IwDebug.o)
 .text.IwDebugErrorShow
                0x00000000      0x108 C:\marmalade\7.7.0\s3e\edk\lib\android/libedk.a(IwDebug.o)
 .text.IwDebugAssertSetUID
                0x00000000       0x14 C:\marmalade\7.7.0\s3e\edk\lib\android/libedk.a(IwDebug.o)
 .note.GNU-stack
                0x00000000        0x0 C:\marmalade\7.7.0\s3e\edk\lib\android/libedk.a(IwDebug.o)
 .data          0x00000000        0x0 c:/android/android-ndk-r9d/toolchains/arm-linux-androideabi-4.8/prebuilt/windows/bin/../lib/gcc/arm-linux-androideabi/4.8/libgcc.a(_aeabi_ldivmod.o)
 .bss           0x00000000        0x0 c:/android/android-ndk-r9d/toolchains/arm-linux-androideabi-4.8/prebuilt/windows/bin/../lib/gcc/arm-linux-androideabi/4.8/libgcc.a(_aeabi_ldivmod.o)
 .note.GNU-stack
                0x00000000        0x0 c:/android/android-ndk-r9d/toolchains/arm-linux-androideabi-4.8/prebuilt/windows/bin/../lib/gcc/arm-linux-androideabi/4.8/libgcc.a(_aeabi_ldivmod.o)
 .data          0x00000000        0x0 c:/android/android-ndk-r9d/toolchains/arm-linux-androideabi-4.8/prebuilt/windows/bin/../lib/gcc/arm-linux-androideabi/4.8/libgcc.a(_dvmd_lnx.o)
 .bss           0x00000000        0x0 c:/android/android-ndk-r9d/toolchains/arm-linux-androideabi-4.8/prebuilt/windows/bin/../lib/gcc/arm-linux-androideabi/4.8/libgcc.a(_dvmd_lnx.o)
 .note.GNU-stack
                0x00000000        0x0 c:/android/android-ndk-r9d/toolchains/arm-linux-androideabi-4.8/prebuilt/windows/bin/../lib/gcc/arm-linux-androideabi/4.8/libgcc.a(_dvmd_lnx.o)
 .data          0x00000000        0x0 c:/android/android-ndk-r9d/toolchains/arm-linux-androideabi-4.8/prebuilt/windows/bin/../lib/gcc/arm-linux-androideabi/4.8/libgcc.a(bpabi.o)
 .bss           0x00000000        0x0 c:/android/android-ndk-r9d/toolchains/arm-linux-androideabi-4.8/prebuilt/windows/bin/../lib/gcc/arm-linux-androideabi/4.8/libgcc.a(bpabi.o)
 .ARM.extab     0x00000000        0x0 c:/android/android-ndk-r9d/toolchains/arm-linux-androideabi-4.8/prebuilt/windows/bin/../lib/gcc/arm-linux-androideabi/4.8/libgcc.a(bpabi.o)
 .note.GNU-stack
                0x00000000        0x0 c:/android/android-ndk-r9d/toolchains/arm-linux-androideabi-4.8/prebuilt/windows/bin/../lib/gcc/arm-linux-androideabi/4.8/libgcc.a(bpabi.o)
 .data          0x00000000        0x0 c:/android/android-ndk-r9d/toolchains/arm-linux-androideabi-4.8/prebuilt/windows/bin/../lib/gcc/arm-linux-androideabi/4.8/libgcc.a(unwind-arm.o)
 .bss           0x00000000        0x0 c:/android/android-ndk-r9d/toolchains/arm-linux-androideabi-4.8/prebuilt/windows/bin/../lib/gcc/arm-linux-androideabi/4.8/libgcc.a(unwind-arm.o)
 .note.GNU-stack
                0x00000000        0x0 c:/android/android-ndk-r9d/toolchains/arm-linux-androideabi-4.8/prebuilt/windows/bin/../lib/gcc/arm-linux-androideabi/4.8/libgcc.a(unwind-arm.o)
 .data          0x00000000        0x0 c:/android/android-ndk-r9d/toolchains/arm-linux-androideabi-4.8/prebuilt/windows/bin/../lib/gcc/arm-linux-androideabi/4.8/libgcc.a(libunwind.o)
 .bss           0x00000000        0x0 c:/android/android-ndk-r9d/toolchains/arm-linux-androideabi-4.8/prebuilt/windows/bin/../lib/gcc/arm-linux-androideabi/4.8/libgcc.a(libunwind.o)
 .note.GNU-stack
                0x00000000        0x0 c:/android/android-ndk-r9d/toolchains/arm-linux-androideabi-4.8/prebuilt/windows/bin/../lib/gcc/arm-linux-androideabi/4.8/libgcc.a(libunwind.o)
 .data          0x00000000        0x0 c:/android/android-ndk-r9d/toolchains/arm-linux-androideabi-4.8/prebuilt/windows/bin/../lib/gcc/arm-linux-androideabi/4.8/libgcc.a(pr-support.o)
 .bss           0x00000000        0x0 c:/android/android-ndk-r9d/toolchains/arm-linux-androideabi-4.8/prebuilt/windows/bin/../lib/gcc/arm-linux-androideabi/4.8/libgcc.a(pr-support.o)
 .note.GNU-stack
                0x00000000        0x0 c:/android/android-ndk-r9d/toolchains/arm-linux-androideabi-4.8/prebuilt/windows/bin/../lib/gcc/arm-linux-androideabi/4.8/libgcc.a(pr-support.o)
 .data          0x00000000        0x0 c:/android/android-ndk-r9d/toolchains/arm-linux-androideabi-4.8/prebuilt/windows/bin/../lib/gcc/arm-linux-androideabi/4.8/libgcc.a(_divdi3.o)
 .bss           0x00000000        0x0 c:/android/android-ndk-r9d/toolchains/arm-linux-androideabi-4.8/prebuilt/windows/bin/../lib/gcc/arm-linux-androideabi/4.8/libgcc.a(_divdi3.o)
 .ARM.extab     0x00000000        0x0 c:/android/android-ndk-r9d/toolchains/arm-linux-androideabi-4.8/prebuilt/windows/bin/../lib/gcc/arm-linux-androideabi/4.8/libgcc.a(_divdi3.o)
 .note.GNU-stack
                0x00000000        0x0 c:/android/android-ndk-r9d/toolchains/arm-linux-androideabi-4.8/prebuilt/windows/bin/../lib/gcc/arm-linux-androideabi/4.8/libgcc.a(_divdi3.o)
 .data          0x00000000        0x0 c:/android/android-ndk-r9d/toolchains/arm-linux-androideabi-4.8/prebuilt/windows/bin/../lib/gcc/arm-linux-androideabi/4.8/libgcc.a(_udivdi3.o)
 .bss           0x00000000        0x0 c:/android/android-ndk-r9d/toolchains/arm-linux-androideabi-4.8/prebuilt/windows/bin/../lib/gcc/arm-linux-androideabi/4.8/libgcc.a(_udivdi3.o)
 .ARM.extab     0x00000000        0x0 c:/android/android-ndk-r9d/toolchains/arm-linux-androideabi-4.8/prebuilt/windows/bin/../lib/gcc/arm-linux-androideabi/4.8/libgcc.a(_udivdi3.o)
 .note.GNU-stack
                0x00000000        0x0 c:/android/android-ndk-r9d/toolchains/arm-linux-androideabi-4.8/prebuilt/windows/bin/../lib/gcc/arm-linux-androideabi/4.8/libgcc.a(_udivdi3.o)
 .data          0x00000000        0x0 c:/android/android-ndk-r9d/toolchains/arm-linux-androideabi-4.8/prebuilt/windows/bin/../lib/gcc/arm-linux-androideabi/4.8/libgcc.a(_udivsi3.o)
 .bss           0x00000000        0x0 c:/android/android-ndk-r9d/toolchains/arm-linux-androideabi-4.8/prebuilt/windows/bin/../lib/gcc/arm-linux-androideabi/4.8/libgcc.a(_udivsi3.o)
 .note.GNU-stack
                0x00000000        0x0 c:/android/android-ndk-r9d/toolchains/arm-linux-androideabi-4.8/prebuilt/windows/bin/../lib/gcc/arm-linux-androideabi/4.8/libgcc.a(_udivsi3.o)
 .text          0x00000000        0x0 C:/Android/android-ndk-r9d/platforms/android-14/arch-arm/usr/lib/crtend_so.o
 .data          0x00000000        0x0 C:/Android/android-ndk-r9d/platforms/android-14/arch-arm/usr/lib/crtend_so.o
 .bss           0x00000000        0x0 C:/Android/android-ndk-r9d/platforms/android-14/arch-arm/usr/lib/crtend_so.o
 .note.GNU-stack
                0x00000000        0x0 C:/Android/android-ndk-r9d/platforms/android-14/arch-arm/usr/lib/crtend_so.o

Memory map

 ** file header
                0x00000000       0x34
 ** segment headers
                0x00000034      0x100

.interp         0x00000134       0x13
 ** fill        0x00000134       0x13

.dynsym         0x00000148      0x580
 ** dynsym      0x00000148      0x580

.dynstr         0x000006c8      0x678
 ** string table
                0x000006c8      0x678

.hash           0x00000d40      0x274
 ** hash        0x00000d40      0x274

.rel.dyn        0x00000fb4       0x70
 ** dynamic relocs
                0x00000fb4       0x70

.rel.plt        0x00001024       0xa0
 ** dynamic relocs
                0x00001024       0xa0

.plt            0x000010c4      0x104
 ** PLT         0x000010c4      0x104

.text           0x000011c8     0x2ee4
 .text.exit     0x000011c8       0x10 C:/Android/android-ndk-r9d/platforms/android-14/arch-arm/usr/lib/crtbegin_so.o
                0x000011c8                __on_dlclose
 .text.startup._GLOBAL__sub_I_IwDebug.cpp
                0x000011d8       0x88 C:\marmalade\7.7.0\s3e\edk\lib\android/libedk.a(IwDebug.o)
 .text._ZN7_JNIEnv9FindClassEPKc
                0x00001260       0x38 debug\s3eAndroidFullscreen_platform.os
                0x00001260                _JNIEnv::FindClass(char const*)
 .text._ZN7_JNIEnv17ExceptionOccurredEv
                0x00001298       0x30 debug\s3eAndroidFullscreen_platform.os
                0x00001298                _JNIEnv::ExceptionOccurred()
 .text._ZN7_JNIEnv17ExceptionDescribeEv
                0x000012c8       0x28 debug\s3eAndroidFullscreen_platform.os
                0x000012c8                _JNIEnv::ExceptionDescribe()
 .text._ZN7_JNIEnv14ExceptionClearEv
                0x000012f0       0x28 debug\s3eAndroidFullscreen_platform.os
                0x000012f0                _JNIEnv::ExceptionClear()
 .text._ZN7_JNIEnv12NewGlobalRefEP8_jobject
                0x00001318       0x38 debug\s3eAndroidFullscreen_platform.os
                0x00001318                _JNIEnv::NewGlobalRef(_jobject*)
 .text._ZN7_JNIEnv15DeleteGlobalRefEP8_jobject
                0x00001350       0x30 debug\s3eAndroidFullscreen_platform.os
                0x00001350                _JNIEnv::DeleteGlobalRef(_jobject*)
 .text._ZN7_JNIEnv14DeleteLocalRefEP8_jobject
                0x00001380       0x30 debug\s3eAndroidFullscreen_platform.os
                0x00001380                _JNIEnv::DeleteLocalRef(_jobject*)
 .text._ZN7_JNIEnv9NewObjectEP7_jclassP10_jmethodIDz
                0x000013b0       0x58 debug\s3eAndroidFullscreen_platform.os
                0x000013b0                _JNIEnv::NewObject(_jclass*, _jmethodID*, ...)
 .text._ZN7_JNIEnv11GetMethodIDEP7_jclassPKcS3_
                0x00001408       0x48 debug\s3eAndroidFullscreen_platform.os
                0x00001408                _JNIEnv::GetMethodID(_jclass*, char const*, char const*)
 .text._ZN7_JNIEnv17CallBooleanMethodEP8_jobjectP10_jmethodIDz
                0x00001450       0x5c debug\s3eAndroidFullscreen_platform.os
                0x00001450                _JNIEnv::CallBooleanMethod(_jobject*, _jmethodID*, ...)
 .text._ZN7_JNIEnv14CallVoidMethodEP8_jobjectP10_jmethodIDz
                0x000014ac       0x4c debug\s3eAndroidFullscreen_platform.os
                0x000014ac                _JNIEnv::CallVoidMethod(_jobject*, _jmethodID*, ...)
 .text._ZN7_JavaVM6GetEnvEPPvi
                0x000014f8       0x40 debug\s3eAndroidFullscreen_platform.os
                0x000014f8                _JavaVM::GetEnv(void**, int)
 .text._ZL15s3eEdkJNIGetEnvv
                0x00001538       0x40 debug\s3eAndroidFullscreen_platform.os
 .text._ZL27s3eEdkAndroidFindClass_realPKc
                0x00001578       0x8c debug\s3eAndroidFullscreen_platform.os
 .text._ZL22s3eEdkAndroidFindClassPKc
                0x00001604       0x38 debug\s3eAndroidFullscreen_platform.os
 .text._Z33s3eAndroidFullscreenInit_platformv
                0x0000163c      0x2e0 debug\s3eAndroidFullscreen_platform.os
                0x0000163c                s3eAndroidFullscreenInit_platform()
 .text._Z38s3eAndroidFullscreenTerminate_platformv
                0x0000191c        0x4 debug\s3eAndroidFullscreen_platform.os
                0x0000191c                s3eAndroidFullscreenTerminate_platform()
 .text._Z49s3eAndroidFullscreenIsImmersiveSupported_platformv
                0x00001920       0x50 debug\s3eAndroidFullscreen_platform.os
                0x00001920                s3eAndroidFullscreenIsImmersiveSupported_platform()
 .text._Z31s3eAndroidFullscreenOn_platformhhh
                0x00001970       0x6c debug\s3eAndroidFullscreen_platform.os
                0x00001970                s3eAndroidFullscreenOn_platform(unsigned char, unsigned char, unsigned char)
 .text._Z32s3eAndroidFullscreenOff_platformhhh
                0x000019dc       0x6c debug\s3eAndroidFullscreen_platform.os
                0x000019dc                s3eAndroidFullscreenOff_platform(unsigned char, unsigned char, unsigned char)
 .text._Z24s3eAndroidFullscreenInitv
                0x00001a48       0x14 debug\s3eAndroidFullscreen.os
                0x00001a48                s3eAndroidFullscreenInit()
 .text._Z29s3eAndroidFullscreenTerminatev
                0x00001a5c        0xc debug\s3eAndroidFullscreen.os
                0x00001a5c                s3eAndroidFullscreenTerminate()
 .text.s3eAndroidFullscreenIsImmersiveSupported
                0x00001a68       0x14 debug\s3eAndroidFullscreen.os
                0x00001a68                s3eAndroidFullscreenIsImmersiveSupported
 .text.s3eAndroidFullscreenOn
                0x00001a7c       0x44 debug\s3eAndroidFullscreen.os
                0x00001a7c                s3eAndroidFullscreenOn
 .text.s3eAndroidFullscreenOff
                0x00001ac0       0x44 debug\s3eAndroidFullscreen.os
                0x00001ac0                s3eAndroidFullscreenOff
 .text._ZL27s3eAndroidFullscreenOn_wraphhh
                0x00001b04       0xb8 debug\s3eAndroidFullscreen_register.os
 .text._ZL28s3eAndroidFullscreenOff_wraphhh
                0x00001bbc       0xb8 debug\s3eAndroidFullscreen_register.os
 .text._Z31s3eAndroidFullscreenRegisterExtv
                0x00001c74       0xbc debug\s3eAndroidFullscreen_register.os
                0x00001c74                s3eAndroidFullscreenRegisterExt()
 .text.RegisterExt
                0x00001d30        0xc debug\s3eAndroidFullscreen_register.os
                0x00001d30                RegisterExt
 .text.s3eEdkThreadRunOnOS
                0x00001d3c       0x30 C:\marmalade\7.7.0\s3e\edk\lib\android/libedk.a(edk_helpers.o)
                0x00001d3c                s3eEdkThreadRunOnOS
 .text.IwDebugTraceIsChannelOn
                0x00001d6c      0x27c C:\marmalade\7.7.0\s3e\edk\lib\android/libedk.a(IwDebug.o)
                0x00001d6c                IwDebugTraceIsChannelOn
 .text.IwDebugTraceSetTraceChannel
                0x00001fe8       0x1c C:\marmalade\7.7.0\s3e\edk\lib\android/libedk.a(IwDebug.o)
                0x00001fe8                IwDebugTraceSetTraceChannel
 .text.IwDebugTraceLineVPrintf
                0x00002004       0xfc C:\marmalade\7.7.0\s3e\edk\lib\android/libedk.a(IwDebug.o)
                0x00002004                IwDebugTraceLineVPrintf
 .text.IwDebugTraceLinePrintf
                0x00002100       0x30 C:\marmalade\7.7.0\s3e\edk\lib\android/libedk.a(IwDebug.o)
                0x00002100                IwDebugTraceLinePrintf
 .text          0x00002130       0x44 c:/android/android-ndk-r9d/toolchains/arm-linux-androideabi-4.8/prebuilt/windows/bin/../lib/gcc/arm-linux-androideabi/4.8/libgcc.a(_aeabi_ldivmod.o)
                0x00002130                __aeabi_ldivmod
 .text          0x00002174       0x10 c:/android/android-ndk-r9d/toolchains/arm-linux-androideabi-4.8/prebuilt/windows/bin/../lib/gcc/arm-linux-androideabi/4.8/libgcc.a(_dvmd_lnx.o)
                0x00002174                __aeabi_idiv0
                0x00002174                __aeabi_ldiv0
 .text          0x00002184       0x78 c:/android/android-ndk-r9d/toolchains/arm-linux-androideabi-4.8/prebuilt/windows/bin/../lib/gcc/arm-linux-androideabi/4.8/libgcc.a(bpabi.o)
                0x00002184                __gnu_ldivmod_helper
                0x000021c0                __gnu_uldivmod_helper
 .text          0x000021fc      0xf20 c:/android/android-ndk-r9d/toolchains/arm-linux-androideabi-4.8/prebuilt/windows/bin/../lib/gcc/arm-linux-androideabi/4.8/libgcc.a(unwind-arm.o)
                0x00002dac                __aeabi_unwind_cpp_pr0
                0x00002db4                __aeabi_unwind_cpp_pr1
                0x00002dbc                __aeabi_unwind_cpp_pr2
                0x00002640                _Unwind_GetCFA
                0x00002648                __gnu_Unwind_RaiseException
                0x000026ec                __gnu_Unwind_ForcedUnwind
                0x00002708                __gnu_Unwind_Resume
                0x0000277c                __gnu_Unwind_Resume_or_Rethrow
                0x0000279c                _Unwind_Complete
                0x000027a0                _Unwind_DeleteException
                0x000027c0                _Unwind_VRS_Get
                0x00002844                _Unwind_VRS_Set
                0x000028cc                __gnu_Unwind_Backtrace
                0x00002dc4                _Unwind_VRS_Pop
 .text          0x0000311c      0x1a8 c:/android/android-ndk-r9d/toolchains/arm-linux-androideabi-4.8/prebuilt/windows/bin/../lib/gcc/arm-linux-androideabi/4.8/libgcc.a(libunwind.o)
                0x0000311c                __restore_core_regs
                0x0000311c                restore_core_regs
                0x00003130                __gnu_Unwind_Restore_VFP
                0x00003138                __gnu_Unwind_Save_VFP
                0x00003140                __gnu_Unwind_Restore_VFP_D
                0x00003148                __gnu_Unwind_Save_VFP_D
                0x00003150                __gnu_Unwind_Restore_VFP_D_16_to_31
                0x00003158                __gnu_Unwind_Save_VFP_D_16_to_31
                0x00003160                __gnu_Unwind_Restore_WMMXD
                0x000031a4                __gnu_Unwind_Save_WMMXD
                0x000031e8                __gnu_Unwind_Restore_WMMXC
                0x000031fc                __gnu_Unwind_Save_WMMXC
                0x00003210                ___Unwind_RaiseException
                0x00003210                _Unwind_RaiseException
                0x00003234                ___Unwind_Resume
                0x00003234                _Unwind_Resume
                0x00003258                ___Unwind_Resume_or_Rethrow
                0x00003258                _Unwind_Resume_or_Rethrow
                0x0000327c                ___Unwind_ForcedUnwind
                0x0000327c                _Unwind_ForcedUnwind
                0x000032a0                ___Unwind_Backtrace
                0x000032a0                _Unwind_Backtrace
 .text          0x000032c4      0x484 c:/android/android-ndk-r9d/toolchains/arm-linux-androideabi-4.8/prebuilt/windows/bin/../lib/gcc/arm-linux-androideabi/4.8/libgcc.a(pr-support.o)
                0x00003350                __gnu_unwind_execute
                0x000036cc                __gnu_unwind_frame
                0x0000370c                _Unwind_GetRegionStart
                0x0000371c                _Unwind_GetLanguageSpecificData
                0x00003738                _Unwind_GetDataRelBase
                0x00003740                _Unwind_GetTextRelBase
 .text          0x00003748      0x498 c:/android/android-ndk-r9d/toolchains/arm-linux-androideabi-4.8/prebuilt/windows/bin/../lib/gcc/arm-linux-androideabi/4.8/libgcc.a(_divdi3.o)
                0x00003748                __divdi3
 .text          0x00003be0      0x404 c:/android/android-ndk-r9d/toolchains/arm-linux-androideabi-4.8/prebuilt/windows/bin/../lib/gcc/arm-linux-androideabi/4.8/libgcc.a(_udivdi3.o)
                0x00003be0                __udivdi3
 .text          0xffffffffffffffff       0xc8 c:/android/android-ndk-r9d/toolchains/arm-linux-androideabi-4.8/prebuilt/windows/bin/../lib/gcc/arm-linux-androideabi/4.8/libgcc.a(_udivsi3.o)
                0x00003fe4                __udivsi3
                0x00003fe4                __aeabi_uidiv
                0x0000408c                __aeabi_uidivmod

.rodata         0x000040ac      0x30a
 .rodata        0x000040ac      0x124 debug\s3eAndroidFullscreen_platform.os
 .rodata        0x000041d0       0xcc debug\s3eAndroidFullscreen_register.os
 ** merge strings
                0x0000429c      0x11a

.ARM.extab      0x000043b8       0x48
 .ARM.extab     0x000043b8        0xc c:/android/android-ndk-r9d/toolchains/arm-linux-androideabi-4.8/prebuilt/windows/bin/../lib/gcc/arm-linux-androideabi/4.8/libgcc.a(_dvmd_lnx.o)
 .ARM.extab     0x000043c4        0xc c:/android/android-ndk-r9d/toolchains/arm-linux-androideabi-4.8/prebuilt/windows/bin/../lib/gcc/arm-linux-androideabi/4.8/libgcc.a(unwind-arm.o)
 .ARM.extab     0x000043d0       0x30 c:/android/android-ndk-r9d/toolchains/arm-linux-androideabi-4.8/prebuilt/windows/bin/../lib/gcc/arm-linux-androideabi/4.8/libgcc.a(pr-support.o)

.ARM.exidx      0x00004400      0x128
 .ARM.exidx     0x00004400        0x8 c:/android/android-ndk-r9d/toolchains/arm-linux-androideabi-4.8/prebuilt/windows/bin/../lib/gcc/arm-linux-androideabi/4.8/libgcc.a(_dvmd_lnx.o)
 .ARM.exidx     0xffffffffffffffff       0x10 c:/android/android-ndk-r9d/toolchains/arm-linux-androideabi-4.8/prebuilt/windows/bin/../lib/gcc/arm-linux-androideabi/4.8/libgcc.a(bpabi.o)
 .ARM.exidx     0xffffffffffffffff       0xd8 c:/android/android-ndk-r9d/toolchains/arm-linux-androideabi-4.8/prebuilt/windows/bin/../lib/gcc/arm-linux-androideabi/4.8/libgcc.a(unwind-arm.o)
 ** ARM cantunwind
                0x000044c0        0x8
 .ARM.exidx     0x000044c8       0x48 c:/android/android-ndk-r9d/toolchains/arm-linux-androideabi-4.8/prebuilt/windows/bin/../lib/gcc/arm-linux-androideabi/4.8/libgcc.a(pr-support.o)
 .ARM.exidx     0x00004510        0x8 c:/android/android-ndk-r9d/toolchains/arm-linux-androideabi-4.8/prebuilt/windows/bin/../lib/gcc/arm-linux-androideabi/4.8/libgcc.a(_divdi3.o)
 .ARM.exidx     0x00004518        0x8 c:/android/android-ndk-r9d/toolchains/arm-linux-androideabi-4.8/prebuilt/windows/bin/../lib/gcc/arm-linux-androideabi/4.8/libgcc.a(_udivdi3.o)
 ** ARM cantunwind
                0x00004520        0x8

.fini_array     0x00005e84        0x8
 .fini_array    0x00005e84        0x4 C:/Android/android-ndk-r9d/platforms/android-14/arch-arm/usr/lib/crtbegin_so.o
 .fini_array    0x00005e88        0x4 C:/Android/android-ndk-r9d/platforms/android-14/arch-arm/usr/lib/crtend_so.o

.init_array     0x00005e8c        0x8
 .init_array    0x00005e8c        0x4 C:\marmalade\7.7.0\s3e\edk\lib\android/libedk.a(IwDebug.o)
 .init_array    0x00005e90        0x4 C:/Android/android-ndk-r9d/platforms/android-14/arch-arm/usr/lib/crtend_so.o

.dynamic        0x00005e94       0xe0
 ** dynamic     0x00005e94       0xe0

.got            0x00005f74       0x8c
 ** GOT         0x00005f74       0x30
 ** GOT PLT     0x00005fa4       0x5c

.data           0x00006000        0x4
 .data          0x00006000        0x4 C:/Android/android-ndk-r9d/platforms/android-14/arch-arm/usr/lib/crtbegin_so.o
                0x00006000                __dso_handle

.bss            0x00006004     0x1a38
 .bss           0x00006004       0x10 debug\s3eAndroidFullscreen_platform.os
 .bss           0x00006014     0x1a28 C:\marmalade\7.7.0\s3e\edk\lib\android/libedk.a(IwDebug.o)
                0x00006014                g_DebugGlobals
