Archive member included because of file (symbol)

C:\marmalade\7.5.0\s3e\edk\lib\android/libedk.a(IwDebug.o)
                              debug\s3eAndroidFullscreen_platform.os (IwDebugTraceIsChannelOn)
C:\marmalade\7.5.0\s3e\edk\lib\android/libedk.a(edk_helpers.o)
                              debug\s3eAndroidFullscreen_platform.os (s3eEdkThreadRunOnOS)
c:/android/android-ndk-r9d/toolchains/arm-linux-androideabi-4.8/prebuilt/windows/bin/../lib/gcc/arm-linux-androideabi/4.8/libgcc.a(_aeabi_ldivmod.o)
                              C:\marmalade\7.5.0\s3e\edk\lib\android/libedk.a(IwDebug.o) (__aeabi_ldivmod)
c:/android/android-ndk-r9d/toolchains/arm-linux-androideabi-4.8/prebuilt/windows/bin/../lib/gcc/arm-linux-androideabi/4.8/libgcc.a(_dvmd_lnx.o)
                              c:/android/android-ndk-r9d/toolchains/arm-linux-androideabi-4.8/prebuilt/windows/bin/../lib/gcc/arm-linux-androideabi/4.8/libgcc.a(_aeabi_ldivmod.o) (__aeabi_ldiv0)
c:/android/android-ndk-r9d/toolchains/arm-linux-androideabi-4.8/prebuilt/windows/bin/../lib/gcc/arm-linux-androideabi/4.8/libgcc.a(bpabi.o)
                              c:/android/android-ndk-r9d/toolchains/arm-linux-androideabi-4.8/prebuilt/windows/bin/../lib/gcc/arm-linux-androideabi/4.8/libgcc.a(_aeabi_ldivmod.o) (__gnu_ldivmod_helper)
c:/android/android-ndk-r9d/toolchains/arm-linux-androideabi-4.8/prebuilt/windows/bin/../lib/gcc/arm-linux-androideabi/4.8/libgcc.a(unwind-arm.o)
                              c:/android/android-ndk-r9d/toolchains/arm-linux-androideabi-4.8/prebuilt/windows/bin/../lib/gcc/arm-linux-androideabi/4.8/libgcc.a(bpabi.o) (__aeabi_unwind_cpp_pr0)
c:/android/android-ndk-r9d/toolchains/arm-linux-androideabi-4.8/prebuilt/windows/bin/../lib/gcc/arm-linux-androideabi/4.8/libgcc.a(libunwind.o)
                              c:/android/android-ndk-r9d/toolchains/arm-linux-androideabi-4.8/prebuilt/windows/bin/../lib/gcc/arm-linux-androideabi/4.8/libgcc.a(unwind-arm.o) (restore_core_regs)
c:/android/android-ndk-r9d/toolchains/arm-linux-androideabi-4.8/prebuilt/windows/bin/../lib/gcc/arm-linux-androideabi/4.8/libgcc.a(pr-support.o)
                              c:/android/android-ndk-r9d/toolchains/arm-linux-androideabi-4.8/prebuilt/windows/bin/../lib/gcc/arm-linux-androideabi/4.8/libgcc.a(unwind-arm.o) (__gnu_unwind_execute)
c:/android/android-ndk-r9d/toolchains/arm-linux-androideabi-4.8/prebuilt/windows/bin/../lib/gcc/arm-linux-androideabi/4.8/libgcc.a(_divdi3.o)
                              c:/android/android-ndk-r9d/toolchains/arm-linux-androideabi-4.8/prebuilt/windows/bin/../lib/gcc/arm-linux-androideabi/4.8/libgcc.a(bpabi.o) (__divdi3)
c:/android/android-ndk-r9d/toolchains/arm-linux-androideabi-4.8/prebuilt/windows/bin/../lib/gcc/arm-linux-androideabi/4.8/libgcc.a(_udivdi3.o)
                              c:/android/android-ndk-r9d/toolchains/arm-linux-androideabi-4.8/prebuilt/windows/bin/../lib/gcc/arm-linux-androideabi/4.8/libgcc.a(bpabi.o) (__udivdi3)
c:/android/android-ndk-r9d/toolchains/arm-linux-androideabi-4.8/prebuilt/windows/bin/../lib/gcc/arm-linux-androideabi/4.8/libgcc.a(_udivsi3.o)
                              c:/android/android-ndk-r9d/toolchains/arm-linux-androideabi-4.8/prebuilt/windows/bin/../lib/gcc/arm-linux-androideabi/4.8/libgcc.a(_divdi3.o) (__aeabi_uidiv)

Discarded input sections

 .text          0x00000000       0x14 C:/Android/android-ndk-r9d/platforms/android-14/arch-arm/usr/lib/crtbegin_so.o
 .bss           0x00000000        0x0 C:/Android/android-ndk-r9d/platforms/android-14/arch-arm/usr/lib/crtbegin_so.o
 .note.GNU-stack
                0x00000000        0x0 C:/Android/android-ndk-r9d/platforms/android-14/arch-arm/usr/lib/crtbegin_so.o
 .group         0x00000000        0x8 debug\s3eAndroidFullscreen_platform.os
 .group         0x00000000        0x8 debug\s3eAndroidFullscreen_platform.os
 .group         0x00000000        0x8 debug\s3eAndroidFullscreen_platform.os
 .group         0x00000000        0x8 debug\s3eAndroidFullscreen_platform.os
 .group         0x00000000        0x8 debug\s3eAndroidFullscreen_platform.os
 .group         0x00000000        0x8 debug\s3eAndroidFullscreen_platform.os
 .group         0x00000000        0x8 debug\s3eAndroidFullscreen_platform.os
 .group         0x00000000        0x8 debug\s3eAndroidFullscreen_platform.os
 .group         0x00000000        0x8 debug\s3eAndroidFullscreen_platform.os
 .group         0x00000000        0x8 debug\s3eAndroidFullscreen_platform.os
 .group         0x00000000        0x8 debug\s3eAndroidFullscreen_platform.os
 .group         0x00000000        0x8 debug\s3eAndroidFullscreen_platform.os
 .text          0x00000000        0x0 debug\s3eAndroidFullscreen_platform.os
 .data          0x00000000        0x0 debug\s3eAndroidFullscreen_platform.os
 .note.GNU-stack
                0x00000000        0x0 debug\s3eAndroidFullscreen_platform.os
 .text          0x00000000        0x0 debug\s3eAndroidFullscreen.os
 .data          0x00000000        0x0 debug\s3eAndroidFullscreen.os
 .bss           0x00000000        0x0 debug\s3eAndroidFullscreen.os
 .note.GNU-stack
                0x00000000        0x0 debug\s3eAndroidFullscreen.os
 .text          0x00000000        0x0 debug\s3eAndroidFullscreen_register.os
 .data          0x00000000        0x0 debug\s3eAndroidFullscreen_register.os
 .bss           0x00000000        0x0 debug\s3eAndroidFullscreen_register.os
 .note.GNU-stack
                0x00000000        0x0 debug\s3eAndroidFullscreen_register.os
 .text          0x00000000        0x0 C:\marmalade\7.5.0\s3e\edk\lib\android/libedk.a(IwDebug.o)
 .data          0x00000000        0x0 C:\marmalade\7.5.0\s3e\edk\lib\android/libedk.a(IwDebug.o)
 .text.IwDebugClearConfigCache
                0x00000000       0x80 C:\marmalade\7.5.0\s3e\edk\lib\android/libedk.a(IwDebug.o)
 .text.IwDebugAssertIsChannelOn
                0x00000000      0x1ec C:\marmalade\7.5.0\s3e\edk\lib\android/libedk.a(IwDebug.o)
 .text.IwDebugAssertShow
                0x00000000      0x2e8 C:\marmalade\7.5.0\s3e\edk\lib\android/libedk.a(IwDebug.o)
 .text.IwDebugAssertSetSolution
                0x00000000       0xb4 C:\marmalade\7.5.0\s3e\edk\lib\android/libedk.a(IwDebug.o)
 .text.IwDebugAssertSetMessage
                0x00000000       0xfc C:\marmalade\7.5.0\s3e\edk\lib\android/libedk.a(IwDebug.o)
 .text.IwAssertRegisterTextCallback
                0x00000000       0x1c C:\marmalade\7.5.0\s3e\edk\lib\android/libedk.a(IwDebug.o)
 .text.IwAssertRegisterCallback
                0x00000000       0x1c C:\marmalade\7.5.0\s3e\edk\lib\android/libedk.a(IwDebug.o)
 .text.IwDebugTraceDisable
                0x00000000       0x10 C:\marmalade\7.5.0\s3e\edk\lib\android/libedk.a(IwDebug.o)
 .text.IwDebugTraceChannelSwitch
                0x00000000      0x1e4 C:\marmalade\7.5.0\s3e\edk\lib\android/libedk.a(IwDebug.o)
 .text.IwDebugErrorRegisterCallback
                0x00000000       0x1c C:\marmalade\7.5.0\s3e\edk\lib\android/libedk.a(IwDebug.o)
 .text.IwDebugErrorShow
                0x00000000      0x108 C:\marmalade\7.5.0\s3e\edk\lib\android/libedk.a(IwDebug.o)
 .text.IwDebugAssertSetUID
                0x00000000       0x14 C:\marmalade\7.5.0\s3e\edk\lib\android/libedk.a(IwDebug.o)
 .note.GNU-stack
                0x00000000        0x0 C:\marmalade\7.5.0\s3e\edk\lib\android/libedk.a(IwDebug.o)
 .text          0x00000000        0x0 C:\marmalade\7.5.0\s3e\edk\lib\android/libedk.a(edk_helpers.o)
 .data          0x00000000        0x0 C:\marmalade\7.5.0\s3e\edk\lib\android/libedk.a(edk_helpers.o)
 .bss           0x00000000        0x0 C:\marmalade\7.5.0\s3e\edk\lib\android/libedk.a(edk_helpers.o)
 .text.s3eEdkErrorSetString
                0x00000000       0x30 C:\marmalade\7.5.0\s3e\edk\lib\android/libedk.a(edk_helpers.o)
 .text.s3eEdkThreadRunOnOSAsync
                0x00000000       0x30 C:\marmalade\7.5.0\s3e\edk\lib\android/libedk.a(edk_helpers.o)
 .note.GNU-stack
                0x00000000        0x0 C:\marmalade\7.5.0\s3e\edk\lib\android/libedk.a(edk_helpers.o)
 .data          0x00000000        0x0 c:/android/android-ndk-r9d/toolchains/arm-linux-androideabi-4.8/prebuilt/windows/bin/../lib/gcc/arm-linux-androideabi/4.8/libgcc.a(_aeabi_ldivmod.o)
 .bss           0x00000000        0x0 c:/android/android-ndk-r9d/toolchains/arm-linux-androideabi-4.8/prebuilt/windows/bin/../lib/gcc/arm-linux-androideabi/4.8/libgcc.a(_aeabi_ldivmod.o)
 .note.GNU-stack
                0x00000000        0x0 c:/android/android-ndk-r9d/toolchains/arm-linux-androideabi-4.8/prebuilt/windows/bin/../lib/gcc/arm-linux-androideabi/4.8/libgcc.a(_aeabi_ldivmod.o)
 .data          0x00000000        0x0 c:/android/android-ndk-r9d/toolchains/arm-linux-androideabi-4.8/prebuilt/windows/bin/../lib/gcc/arm-linux-androideabi/4.8/libgcc.a(_dvmd_lnx.o)
 .bss           0x00000000        0x0 c:/android/android-ndk-r9d/toolchains/arm-linux-androideabi-4.8/prebuilt/windows/bin/../lib/gcc/arm-linux-androideabi/4.8/libgcc.a(_dvmd_lnx.o)
 .note.GNU-stack
                0x00000000        0x0 c:/android/android-ndk-r9d/toolchains/arm-linux-androideabi-4.8/prebuilt/windows/bin/../lib/gcc/arm-linux-androideabi/4.8/libgcc.a(_dvmd_lnx.o)
 .data          0x00000000        0x0 c:/android/android-ndk-r9d/toolchains/arm-linux-androideabi-4.8/prebuilt/windows/bin/../lib/gcc/arm-linux-androideabi/4.8/libgcc.a(bpabi.o)
 .bss           0x00000000        0x0 c:/android/android-ndk-r9d/toolchains/arm-linux-androideabi-4.8/prebuilt/windows/bin/../lib/gcc/arm-linux-androideabi/4.8/libgcc.a(bpabi.o)
 .ARM.extab     0x00000000        0x0 c:/android/android-ndk-r9d/toolchains/arm-linux-androideabi-4.8/prebuilt/windows/bin/../lib/gcc/arm-linux-androideabi/4.8/libgcc.a(bpabi.o)
 .note.GNU-stack
                0x00000000        0x0 c:/android/android-ndk-r9d/toolchains/arm-linux-androideabi-4.8/prebuilt/windows/bin/../lib/gcc/arm-linux-androideabi/4.8/libgcc.a(bpabi.o)
 .data          0x00000000        0x0 c:/android/android-ndk-r9d/toolchains/arm-linux-androideabi-4.8/prebuilt/windows/bin/../lib/gcc/arm-linux-androideabi/4.8/libgcc.a(unwind-arm.o)
 .bss           0x00000000        0x0 c:/android/android-ndk-r9d/toolchains/arm-linux-androideabi-4.8/prebuilt/windows/bin/../lib/gcc/arm-linux-androideabi/4.8/libgcc.a(unwind-arm.o)
 .note.GNU-stack
                0x00000000        0x0 c:/android/android-ndk-r9d/toolchains/arm-linux-androideabi-4.8/prebuilt/windows/bin/../lib/gcc/arm-linux-androideabi/4.8/libgcc.a(unwind-arm.o)
 .data          0x00000000        0x0 c:/android/android-ndk-r9d/toolchains/arm-linux-androideabi-4.8/prebuilt/windows/bin/../lib/gcc/arm-linux-androideabi/4.8/libgcc.a(libunwind.o)
 .bss           0x00000000        0x0 c:/android/android-ndk-r9d/toolchains/arm-linux-androideabi-4.8/prebuilt/windows/bin/../lib/gcc/arm-linux-androideabi/4.8/libgcc.a(libunwind.o)
 .note.GNU-stack
                0x00000000        0x0 c:/android/android-ndk-r9d/toolchains/arm-linux-androideabi-4.8/prebuilt/windows/bin/../lib/gcc/arm-linux-androideabi/4.8/libgcc.a(libunwind.o)
 .data          0x00000000        0x0 c:/android/android-ndk-r9d/toolchains/arm-linux-androideabi-4.8/prebuilt/windows/bin/../lib/gcc/arm-linux-androideabi/4.8/libgcc.a(pr-support.o)
 .bss           0x00000000        0x0 c:/android/android-ndk-r9d/toolchains/arm-linux-androideabi-4.8/prebuilt/windows/bin/../lib/gcc/arm-linux-androideabi/4.8/libgcc.a(pr-support.o)
 .note.GNU-stack
                0x00000000        0x0 c:/android/android-ndk-r9d/toolchains/arm-linux-androideabi-4.8/prebuilt/windows/bin/../lib/gcc/arm-linux-androideabi/4.8/libgcc.a(pr-support.o)
 .data          0x00000000        0x0 c:/android/android-ndk-r9d/toolchains/arm-linux-androideabi-4.8/prebuilt/windows/bin/../lib/gcc/arm-linux-androideabi/4.8/libgcc.a(_divdi3.o)
 .bss           0x00000000        0x0 c:/android/android-ndk-r9d/toolchains/arm-linux-androideabi-4.8/prebuilt/windows/bin/../lib/gcc/arm-linux-androideabi/4.8/libgcc.a(_divdi3.o)
 .ARM.extab     0x00000000        0x0 c:/android/android-ndk-r9d/toolchains/arm-linux-androideabi-4.8/prebuilt/windows/bin/../lib/gcc/arm-linux-androideabi/4.8/libgcc.a(_divdi3.o)
 .note.GNU-stack
                0x00000000        0x0 c:/android/android-ndk-r9d/toolchains/arm-linux-androideabi-4.8/prebuilt/windows/bin/../lib/gcc/arm-linux-androideabi/4.8/libgcc.a(_divdi3.o)
 .data          0x00000000        0x0 c:/android/android-ndk-r9d/toolchains/arm-linux-androideabi-4.8/prebuilt/windows/bin/../lib/gcc/arm-linux-androideabi/4.8/libgcc.a(_udivdi3.o)
 .bss           0x00000000        0x0 c:/android/android-ndk-r9d/toolchains/arm-linux-androideabi-4.8/prebuilt/windows/bin/../lib/gcc/arm-linux-androideabi/4.8/libgcc.a(_udivdi3.o)
 .ARM.extab     0x00000000        0x0 c:/android/android-ndk-r9d/toolchains/arm-linux-androideabi-4.8/prebuilt/windows/bin/../lib/gcc/arm-linux-androideabi/4.8/libgcc.a(_udivdi3.o)
 .note.GNU-stack
                0x00000000        0x0 c:/android/android-ndk-r9d/toolchains/arm-linux-androideabi-4.8/prebuilt/windows/bin/../lib/gcc/arm-linux-androideabi/4.8/libgcc.a(_udivdi3.o)
 .data          0x00000000        0x0 c:/android/android-ndk-r9d/toolchains/arm-linux-androideabi-4.8/prebuilt/windows/bin/../lib/gcc/arm-linux-androideabi/4.8/libgcc.a(_udivsi3.o)
 .bss           0x00000000        0x0 c:/android/android-ndk-r9d/toolchains/arm-linux-androideabi-4.8/prebuilt/windows/bin/../lib/gcc/arm-linux-androideabi/4.8/libgcc.a(_udivsi3.o)
 .note.GNU-stack
                0x00000000        0x0 c:/android/android-ndk-r9d/toolchains/arm-linux-androideabi-4.8/prebuilt/windows/bin/../lib/gcc/arm-linux-androideabi/4.8/libgcc.a(_udivsi3.o)
 .text          0x00000000        0x0 C:/Android/android-ndk-r9d/platforms/android-14/arch-arm/usr/lib/crtend_so.o
 .data          0x00000000        0x0 C:/Android/android-ndk-r9d/platforms/android-14/arch-arm/usr/lib/crtend_so.o
 .bss           0x00000000        0x0 C:/Android/android-ndk-r9d/platforms/android-14/arch-arm/usr/lib/crtend_so.o
 .note.GNU-stack
                0x00000000        0x0 C:/Android/android-ndk-r9d/platforms/android-14/arch-arm/usr/lib/crtend_so.o

Memory map

 ** file header
                0x00000000       0x34
 ** segment headers
                0x00000034      0x100

.interp         0x00000134       0x13
 ** fill        0x00000134       0x13

.dynsym         0x00000148      0x5a0
 ** dynsym      0x00000148      0x5a0

.dynstr         0x000006e8      0x69e
 ** string table
                0x000006e8      0x69e

.hash           0x00000d88      0x27c
 ** hash        0x00000d88      0x27c

.rel.dyn        0x00001004       0x70
 ** dynamic relocs
                0x00001004       0x70

.rel.plt        0x00001074       0xb0
 ** dynamic relocs
                0x00001074       0xb0

.plt            0x00001124      0x11c
 ** PLT         0x00001124      0x11c

.text           0x00001240     0x3110
 .text.exit     0x00001240       0x10 C:/Android/android-ndk-r9d/platforms/android-14/arch-arm/usr/lib/crtbegin_so.o
                0x00001240                __on_dlclose
 .text.startup._GLOBAL__sub_I_IwDebug.cpp
                0x00001250       0x88 C:\marmalade\7.5.0\s3e\edk\lib\android/libedk.a(IwDebug.o)
 .text._ZN7_JNIEnv9FindClassEPKc
                0x000012d8       0x38 debug\s3eAndroidFullscreen_platform.os
                0x000012d8                _JNIEnv::FindClass(char const*)
 .text._ZN7_JNIEnv17ExceptionOccurredEv
                0x00001310       0x30 debug\s3eAndroidFullscreen_platform.os
                0x00001310                _JNIEnv::ExceptionOccurred()
 .text._ZN7_JNIEnv17ExceptionDescribeEv
                0x00001340       0x28 debug\s3eAndroidFullscreen_platform.os
                0x00001340                _JNIEnv::ExceptionDescribe()
 .text._ZN7_JNIEnv14ExceptionClearEv
                0x00001368       0x28 debug\s3eAndroidFullscreen_platform.os
                0x00001368                _JNIEnv::ExceptionClear()
 .text._ZN7_JNIEnv12NewGlobalRefEP8_jobject
                0x00001390       0x38 debug\s3eAndroidFullscreen_platform.os
                0x00001390                _JNIEnv::NewGlobalRef(_jobject*)
 .text._ZN7_JNIEnv15DeleteGlobalRefEP8_jobject
                0x000013c8       0x30 debug\s3eAndroidFullscreen_platform.os
                0x000013c8                _JNIEnv::DeleteGlobalRef(_jobject*)
 .text._ZN7_JNIEnv14DeleteLocalRefEP8_jobject
                0x000013f8       0x30 debug\s3eAndroidFullscreen_platform.os
                0x000013f8                _JNIEnv::DeleteLocalRef(_jobject*)
 .text._ZN7_JNIEnv9NewObjectEP7_jclassP10_jmethodIDz
                0x00001428       0x58 debug\s3eAndroidFullscreen_platform.os
                0x00001428                _JNIEnv::NewObject(_jclass*, _jmethodID*, ...)
 .text._ZN7_JNIEnv11GetMethodIDEP7_jclassPKcS3_
                0x00001480       0x48 debug\s3eAndroidFullscreen_platform.os
                0x00001480                _JNIEnv::GetMethodID(_jclass*, char const*, char const*)
 .text._ZN7_JNIEnv17CallBooleanMethodEP8_jobjectP10_jmethodIDz
                0x000014c8       0x5c debug\s3eAndroidFullscreen_platform.os
                0x000014c8                _JNIEnv::CallBooleanMethod(_jobject*, _jmethodID*, ...)
 .text._ZN7_JNIEnv14CallVoidMethodEP8_jobjectP10_jmethodIDz
                0x00001524       0x4c debug\s3eAndroidFullscreen_platform.os
                0x00001524                _JNIEnv::CallVoidMethod(_jobject*, _jmethodID*, ...)
 .text._ZN7_JavaVM6GetEnvEPPvi
                0x00001570       0x40 debug\s3eAndroidFullscreen_platform.os
                0x00001570                _JavaVM::GetEnv(void**, int)
 .text._ZL15s3eEdkJNIGetEnvv
                0x000015b0       0x40 debug\s3eAndroidFullscreen_platform.os
 .text._ZL27s3eEdkAndroidFindClass_realPKc
                0x000015f0       0x8c debug\s3eAndroidFullscreen_platform.os
 .text._ZL22s3eEdkAndroidFindClassPKc
                0x0000167c       0x38 debug\s3eAndroidFullscreen_platform.os
 .text._ZL27_s3eAndroidFullscreenResumev
                0x000016b4       0x50 debug\s3eAndroidFullscreen_platform.os
 .text._ZL35_s3eAndroidFullscreenResumeCallbackPvS_
                0x00001704       0x94 debug\s3eAndroidFullscreen_platform.os
 .text._Z33s3eAndroidFullscreenInit_platformv
                0x00001798      0x3ec debug\s3eAndroidFullscreen_platform.os
                0x00001798                s3eAndroidFullscreenInit_platform()
 .text._Z38s3eAndroidFullscreenTerminate_platformv
                0x00001b84       0x40 debug\s3eAndroidFullscreen_platform.os
                0x00001b84                s3eAndroidFullscreenTerminate_platform()
 .text._Z49s3eAndroidFullscreenIsImmersiveSupported_platformv
                0x00001bc4       0x50 debug\s3eAndroidFullscreen_platform.os
                0x00001bc4                s3eAndroidFullscreenIsImmersiveSupported_platform()
 .text._Z31s3eAndroidFullscreenOn_platformhhh
                0x00001c14       0x6c debug\s3eAndroidFullscreen_platform.os
                0x00001c14                s3eAndroidFullscreenOn_platform(unsigned char, unsigned char, unsigned char)
 .text._Z32s3eAndroidFullscreenOff_platformhhh
                0x00001c80       0x6c debug\s3eAndroidFullscreen_platform.os
                0x00001c80                s3eAndroidFullscreenOff_platform(unsigned char, unsigned char, unsigned char)
 .text._Z24s3eAndroidFullscreenInitv
                0x00001cec       0x14 debug\s3eAndroidFullscreen.os
                0x00001cec                s3eAndroidFullscreenInit()
 .text._Z29s3eAndroidFullscreenTerminatev
                0x00001d00        0xc debug\s3eAndroidFullscreen.os
                0x00001d00                s3eAndroidFullscreenTerminate()
 .text.s3eAndroidFullscreenIsImmersiveSupported
                0x00001d0c       0x14 debug\s3eAndroidFullscreen.os
                0x00001d0c                s3eAndroidFullscreenIsImmersiveSupported
 .text.s3eAndroidFullscreenOn
                0x00001d20       0x44 debug\s3eAndroidFullscreen.os
                0x00001d20                s3eAndroidFullscreenOn
 .text.s3eAndroidFullscreenOff
                0x00001d64       0x44 debug\s3eAndroidFullscreen.os
                0x00001d64                s3eAndroidFullscreenOff
 .text._ZL27s3eAndroidFullscreenOn_wraphhh
                0x00001da8       0xb8 debug\s3eAndroidFullscreen_register.os
 .text._ZL28s3eAndroidFullscreenOff_wraphhh
                0x00001e60       0xb8 debug\s3eAndroidFullscreen_register.os
 .text._Z31s3eAndroidFullscreenRegisterExtv
                0x00001f18       0xbc debug\s3eAndroidFullscreen_register.os
                0x00001f18                s3eAndroidFullscreenRegisterExt()
 .text.RegisterExt
                0x00001fd4        0xc debug\s3eAndroidFullscreen_register.os
                0x00001fd4                RegisterExt
 .text.IwDebugTraceIsChannelOn
                0x00001fe0      0x27c C:\marmalade\7.5.0\s3e\edk\lib\android/libedk.a(IwDebug.o)
                0x00001fe0                IwDebugTraceIsChannelOn
 .text.IwDebugTraceSetTraceChannel
                0x0000225c       0x1c C:\marmalade\7.5.0\s3e\edk\lib\android/libedk.a(IwDebug.o)
                0x0000225c                IwDebugTraceSetTraceChannel
 .text.IwDebugTraceLineVPrintf
                0x00002278       0xfc C:\marmalade\7.5.0\s3e\edk\lib\android/libedk.a(IwDebug.o)
                0x00002278                IwDebugTraceLineVPrintf
 .text.IwDebugTraceLinePrintf
                0x00002374       0x30 C:\marmalade\7.5.0\s3e\edk\lib\android/libedk.a(IwDebug.o)
                0x00002374                IwDebugTraceLinePrintf
 .text.s3eEdkThreadRunOnOS
                0x000023a4       0x30 C:\marmalade\7.5.0\s3e\edk\lib\android/libedk.a(edk_helpers.o)
                0x000023a4                s3eEdkThreadRunOnOS
 .text          0x000023d4       0x44 c:/android/android-ndk-r9d/toolchains/arm-linux-androideabi-4.8/prebuilt/windows/bin/../lib/gcc/arm-linux-androideabi/4.8/libgcc.a(_aeabi_ldivmod.o)
                0x000023d4                __aeabi_ldivmod
 .text          0x00002418       0x10 c:/android/android-ndk-r9d/toolchains/arm-linux-androideabi-4.8/prebuilt/windows/bin/../lib/gcc/arm-linux-androideabi/4.8/libgcc.a(_dvmd_lnx.o)
                0x00002418                __aeabi_idiv0
                0x00002418                __aeabi_ldiv0
 .text          0x00002428       0x78 c:/android/android-ndk-r9d/toolchains/arm-linux-androideabi-4.8/prebuilt/windows/bin/../lib/gcc/arm-linux-androideabi/4.8/libgcc.a(bpabi.o)
                0x00002428                __gnu_ldivmod_helper
                0x00002464                __gnu_uldivmod_helper
 .text          0x000024a0      0xf20 c:/android/android-ndk-r9d/toolchains/arm-linux-androideabi-4.8/prebuilt/windows/bin/../lib/gcc/arm-linux-androideabi/4.8/libgcc.a(unwind-arm.o)
                0x00003050                __aeabi_unwind_cpp_pr0
                0x00003058                __aeabi_unwind_cpp_pr1
                0x00003060                __aeabi_unwind_cpp_pr2
                0x000028e4                _Unwind_GetCFA
                0x000028ec                __gnu_Unwind_RaiseException
                0x00002990                __gnu_Unwind_ForcedUnwind
                0x000029ac                __gnu_Unwind_Resume
                0x00002a20                __gnu_Unwind_Resume_or_Rethrow
                0x00002a40                _Unwind_Complete
                0x00002a44                _Unwind_DeleteException
                0x00002a64                _Unwind_VRS_Get
                0x00002ae8                _Unwind_VRS_Set
                0x00002b70                __gnu_Unwind_Backtrace
                0x00003068                _Unwind_VRS_Pop
 .text          0x000033c0      0x1a8 c:/android/android-ndk-r9d/toolchains/arm-linux-androideabi-4.8/prebuilt/windows/bin/../lib/gcc/arm-linux-androideabi/4.8/libgcc.a(libunwind.o)
                0x000033c0                __restore_core_regs
                0x000033c0                restore_core_regs
                0x000033d4                __gnu_Unwind_Restore_VFP
                0x000033dc                __gnu_Unwind_Save_VFP
                0x000033e4                __gnu_Unwind_Restore_VFP_D
                0x000033ec                __gnu_Unwind_Save_VFP_D
                0x000033f4                __gnu_Unwind_Restore_VFP_D_16_to_31
                0x000033fc                __gnu_Unwind_Save_VFP_D_16_to_31
                0x00003404                __gnu_Unwind_Restore_WMMXD
                0x00003448                __gnu_Unwind_Save_WMMXD
                0x0000348c                __gnu_Unwind_Restore_WMMXC
                0x000034a0                __gnu_Unwind_Save_WMMXC
                0x000034b4                ___Unwind_RaiseException
                0x000034b4                _Unwind_RaiseException
                0x000034d8                ___Unwind_Resume
                0x000034d8                _Unwind_Resume
                0x000034fc                ___Unwind_Resume_or_Rethrow
                0x000034fc                _Unwind_Resume_or_Rethrow
                0x00003520                ___Unwind_ForcedUnwind
                0x00003520                _Unwind_ForcedUnwind
                0x00003544                ___Unwind_Backtrace
                0x00003544                _Unwind_Backtrace
 .text          0x00003568      0x484 c:/android/android-ndk-r9d/toolchains/arm-linux-androideabi-4.8/prebuilt/windows/bin/../lib/gcc/arm-linux-androideabi/4.8/libgcc.a(pr-support.o)
                0x000035f4                __gnu_unwind_execute
                0x00003970                __gnu_unwind_frame
                0x000039b0                _Unwind_GetRegionStart
                0x000039c0                _Unwind_GetLanguageSpecificData
                0x000039dc                _Unwind_GetDataRelBase
                0x000039e4                _Unwind_GetTextRelBase
 .text          0x000039ec      0x498 c:/android/android-ndk-r9d/toolchains/arm-linux-androideabi-4.8/prebuilt/windows/bin/../lib/gcc/arm-linux-androideabi/4.8/libgcc.a(_divdi3.o)
                0x000039ec                __divdi3
 .text          0x00003e84      0x404 c:/android/android-ndk-r9d/toolchains/arm-linux-androideabi-4.8/prebuilt/windows/bin/../lib/gcc/arm-linux-androideabi/4.8/libgcc.a(_udivdi3.o)
                0x00003e84                __udivdi3
 .text          0xffffffffffffffff       0xc8 c:/android/android-ndk-r9d/toolchains/arm-linux-androideabi-4.8/prebuilt/windows/bin/../lib/gcc/arm-linux-androideabi/4.8/libgcc.a(_udivsi3.o)
                0x00004288                __udivsi3
                0x00004288                __aeabi_uidiv
                0x00004330                __aeabi_uidivmod

.rodata         0x00004350      0x37a
 .rodata        0x00004350      0x194 debug\s3eAndroidFullscreen_platform.os
 .rodata        0x000044e4       0xcc debug\s3eAndroidFullscreen_register.os
 ** merge strings
                0x000045b0      0x11a

.ARM.extab      0x000046cc       0x48
 .ARM.extab     0x000046cc        0xc c:/android/android-ndk-r9d/toolchains/arm-linux-androideabi-4.8/prebuilt/windows/bin/../lib/gcc/arm-linux-androideabi/4.8/libgcc.a(_dvmd_lnx.o)
 .ARM.extab     0x000046d8        0xc c:/android/android-ndk-r9d/toolchains/arm-linux-androideabi-4.8/prebuilt/windows/bin/../lib/gcc/arm-linux-androideabi/4.8/libgcc.a(unwind-arm.o)
 .ARM.extab     0x000046e4       0x30 c:/android/android-ndk-r9d/toolchains/arm-linux-androideabi-4.8/prebuilt/windows/bin/../lib/gcc/arm-linux-androideabi/4.8/libgcc.a(pr-support.o)

.ARM.exidx      0x00004714      0x128
 .ARM.exidx     0x00004714        0x8 c:/android/android-ndk-r9d/toolchains/arm-linux-androideabi-4.8/prebuilt/windows/bin/../lib/gcc/arm-linux-androideabi/4.8/libgcc.a(_dvmd_lnx.o)
 .ARM.exidx     0xffffffffffffffff       0x10 c:/android/android-ndk-r9d/toolchains/arm-linux-androideabi-4.8/prebuilt/windows/bin/../lib/gcc/arm-linux-androideabi/4.8/libgcc.a(bpabi.o)
 .ARM.exidx     0xffffffffffffffff       0xd8 c:/android/android-ndk-r9d/toolchains/arm-linux-androideabi-4.8/prebuilt/windows/bin/../lib/gcc/arm-linux-androideabi/4.8/libgcc.a(unwind-arm.o)
 ** ARM cantunwind
                0x000047d4        0x8
 .ARM.exidx     0x000047dc       0x48 c:/android/android-ndk-r9d/toolchains/arm-linux-androideabi-4.8/prebuilt/windows/bin/../lib/gcc/arm-linux-androideabi/4.8/libgcc.a(pr-support.o)
 .ARM.exidx     0x00004824        0x8 c:/android/android-ndk-r9d/toolchains/arm-linux-androideabi-4.8/prebuilt/windows/bin/../lib/gcc/arm-linux-androideabi/4.8/libgcc.a(_divdi3.o)
 .ARM.exidx     0x0000482c        0x8 c:/android/android-ndk-r9d/toolchains/arm-linux-androideabi-4.8/prebuilt/windows/bin/../lib/gcc/arm-linux-androideabi/4.8/libgcc.a(_udivdi3.o)
 ** ARM cantunwind
                0x00004834        0x8

.fini_array     0x00005e7c        0x8
 .fini_array    0x00005e7c        0x4 C:/Android/android-ndk-r9d/platforms/android-14/arch-arm/usr/lib/crtbegin_so.o
 .fini_array    0x00005e80        0x4 C:/Android/android-ndk-r9d/platforms/android-14/arch-arm/usr/lib/crtend_so.o

.init_array     0x00005e84        0x8
 .init_array    0x00005e84        0x4 C:\marmalade\7.5.0\s3e\edk\lib\android/libedk.a(IwDebug.o)
 .init_array    0x00005e88        0x4 C:/Android/android-ndk-r9d/platforms/android-14/arch-arm/usr/lib/crtend_so.o

.dynamic        0x00005e8c       0xe0
 ** dynamic     0x00005e8c       0xe0

.got            0x00005f6c       0x94
 ** GOT         0x00005f6c       0x30
 ** GOT PLT     0x00005f9c       0x64

.data           0x00006000        0x4
 .data          0x00006000        0x4 C:/Android/android-ndk-r9d/platforms/android-14/arch-arm/usr/lib/crtbegin_so.o
                0x00006000                __dso_handle

.bss            0x00006004     0x1a3c
 .bss           0x00006004       0x14 debug\s3eAndroidFullscreen_platform.os
 .bss           0x00006018     0x1a28 C:\marmalade\7.5.0\s3e\edk\lib\android/libedk.a(IwDebug.o)
                0x00006018                g_DebugGlobals
